2025-01-06 20:13:06,687 - 2004
2025-01-06 20:13:21,584 - 2004
2025-01-06 20:14:59,566 - 2004
2025-01-06 20:15:50,403 - 2004
2025-01-06 21:02:36,029 - 2004
2025-01-06 21:07:47,030 - 2004
2025-01-06 21:08:18,070 - 7ODM
2025-01-06 21:08:18,613 - AGMT
2025-01-06 21:08:19,691 - ALAM
2025-01-06 21:08:20,688 - ALPP
2025-01-06 21:08:21,645 - ANA1
2025-01-06 21:08:22,263 - AOA1
2025-01-06 21:08:23,301 - ARGU
2025-01-06 21:08:24,278 - ARM1
2025-01-06 21:08:25,219 - ARM2
2025-01-06 21:08:26,165 - AVRY
2025-01-06 21:08:27,158 - AZRY
2025-01-06 21:08:28,106 - AZU1
2025-01-06 21:08:28,653 - BALD
2025-01-06 21:08:29,581 - BAR1
2025-01-06 21:08:30,187 - BBDM
2025-01-06 21:08:31,121 - BBRY
2025-01-06 21:08:32,070 - BCWR
2025-01-06 21:08:33,006 - BEAT
2025-01-06 21:08:33,958 - BEMT
2025-01-06 21:08:34,963 - BEPK
2025-01-06 21:08:35,965 - BGIS
2025-01-06 21:08:36,954 - BILL
2025-01-06 21:08:37,913 - BKAP
2025-01-06 21:08:38,900 - BKMS
2025-01-06 21:08:39,877 - BKR1
2025-01-06 21:08:40,742 - BKR2
2025-01-06 21:08:41,652 - BLSA
2025-01-06 21:08:42,600 - BMHL
2025-01-06 21:08:43,598 - BMRY
2025-01-06 21:08:44,592 - BRAN
2025-01-06 21:08:45,550 - BRPK
